<?xml version="1.0" encoding="UTF-8"?>
<TestRun id="3445c449-be82-4c3e-bed9-2675b459ef12" name="jayapriya.murugan@ASPIRE1897 2023-03-15 14:28:31" runUser="ASPIRESYS\jayapriya.murugan" xmlns="http://microsoft.com/schemas/VisualStudio/TeamTest/2010">
  <TestSettings name="Default Test Settings" id="1a4de76f-bd7c-428a-9f93-f2644a5cbd36">
    <Deployment runDeploymentRoot="jayapriya.murugan_ASPIRE1897 2023-03-15 14_28_31">
      <DeploymentItem filename="D:\Projects\FirstRate\IR\Shreem_IR\VantageInvestorLibrary\bin\VantageInvestorLibrary.dll" />
      <DeploymentItem filename="D:\Projects\FirstRate\IR\Shreem_IR\VantageInvestor\bin\Vantage.dll" />
      <DeploymentItem filename="D:\Projects\FirstRate\IR\Shreem_IR\VantageComponents\Branches\Framework3.1\bin\FMFClass.dll" />
      <DeploymentItem filename="D:\Projects\FirstRate\IR\Shreem_IR\VantageInvestor\bin\VantageInvestor.dll" />
    </Deployment>
    <Execution>
      <TestTypeSpecific />
      <AgentRule name="Execution Agents">
      </AgentRule>
    </Execution>
  </TestSettings>
  <Times creation="2023-03-15T14:28:31.2964471+05:30" queuing="2023-03-15T14:28:31.5484114+05:30" start="2023-03-15T14:28:31.5543951+05:30" finish="2023-03-15T14:28:32.2395683+05:30" />
  <ResultSummary outcome="Warning">
    <Counters total="21" executed="21" passed="21" error="0" failed="0" timeout="0" aborted="0" inconclusive="0" passedButRunAborted="0" notRunnable="0" notExecuted="0" disconnected="0" warning="0" completed="0" inProgress="0" pending="0" />
    <RunInfos>
      <RunInfo computerName="ASPIRE1897" outcome="Warning" timestamp="2023-03-15T14:28:31.5484114+05:30">
        <Text>Warning: Test Run deployment issue: The assembly or module 'VNTG.ODC.Insight.IrrEngine.Infrastructure' directly or indirectly referenced by the test container 'd:\projects\firstrate\ir\shreem_ir\mstest\bin\debug\testinvestorimport.dll' was not found.</Text>
      </RunInfo>
      <RunInfo computerName="ASPIRE1897" outcome="Warning" timestamp="2023-03-15T14:28:31.5484114+05:30">
        <Text>Warning: Test Run deployment issue: The assembly or module 'Microsoft.Practices.Unity' directly or indirectly referenced by the test container 'd:\projects\firstrate\ir\shreem_ir\mstest\bin\debug\testinvestorimport.dll' was not found.</Text>
      </RunInfo>
    </RunInfos>
  </ResultSummary>
  <TestDefinitions>
    <UnitTest name="TestGetfinanacialDetails_Actual_Quarterly" storage="d:\projects\firstrate\ir\shreem_ir\mstest\bin\debug\testinvestorimport.dll" id="8d5341f4-0ada-3ebb-5bc7-530ba6143a37">
      <Execution id="649c26de-9b30-4fa9-8e5c-6168101c439b" />
      <TestMethod codeBase="D:/Projects/FirstRate/IR/Shreem_IR/MSTest/bin/Debug/TestInvestorImport.DLL" adapterTypeName="Microsoft.VisualStudio.TestTools.TestTypes.Unit.UnitTestAdapter, Microsoft.VisualStudio.QualityTools.Tips.UnitTest.Adapter, Version=10.0.0.0, Culture=neutral, PublicKeyToken=b03f5f7f11d50a3a" className="VantageInvestorTest.Financial, TestInvestorImport, Version=1.0.0.0, Culture=neutral, PublicKeyToken=null" name="TestGetfinanacialDetails_Actual_Quarterly" />
    </UnitTest>
    <UnitTest name="TestGetfinanacialDetails_Budget_Monthly" storage="d:\projects\firstrate\ir\shreem_ir\mstest\bin\debug\testinvestorimport.dll" id="0ab02e00-939e-115c-dc0f-588c2e4a7f08">
      <Execution id="6f377fda-a449-4392-8658-8f99b385e787" />
      <TestMethod codeBase="D:/Projects/FirstRate/IR/Shreem_IR/MSTest/bin/Debug/TestInvestorImport.DLL" adapterTypeName="Microsoft.VisualStudio.TestTools.TestTypes.Unit.UnitTestAdapter, Microsoft.VisualStudio.QualityTools.Tips.UnitTest.Adapter, Version=10.0.0.0, Culture=neutral, PublicKeyToken=b03f5f7f11d50a3a" className="VantageInvestorTest.Financial, TestInvestorImport, Version=1.0.0.0, Culture=neutral, PublicKeyToken=null" name="TestGetfinanacialDetails_Budget_Monthly" />
    </UnitTest>
    <UnitTest name="TestGetfinanacialDetails_Budget_Quarterly_NonExitFinCompID" storage="d:\projects\firstrate\ir\shreem_ir\mstest\bin\debug\testinvestorimport.dll" id="48df144e-5127-15cd-8f86-bde2122d23a3">
      <Execution id="c936dca2-44c6-450e-9fc3-657bc03e2da5" />
      <TestMethod codeBase="D:/Projects/FirstRate/IR/Shreem_IR/MSTest/bin/Debug/TestInvestorImport.DLL" adapterTypeName="Microsoft.VisualStudio.TestTools.TestTypes.Unit.UnitTestAdapter, Microsoft.VisualStudio.QualityTools.Tips.UnitTest.Adapter, Version=10.0.0.0, Culture=neutral, PublicKeyToken=b03f5f7f11d50a3a" className="VantageInvestorTest.Financial, TestInvestorImport, Version=1.0.0.0, Culture=neutral, PublicKeyToken=null" name="TestGetfinanacialDetails_Budget_Quarterly_NonExitFinCompID" />
    </UnitTest>
    <UnitTest name="TestGetfinanacialDetails_Actual_Quarterly_InvalidCompID" storage="d:\projects\firstrate\ir\shreem_ir\mstest\bin\debug\testinvestorimport.dll" id="d59492b9-db05-da86-f725-a73937202982">
      <Execution id="bd540808-1dd6-414c-887c-9843ec32dd2e" />
      <TestMethod codeBase="D:/Projects/FirstRate/IR/Shreem_IR/MSTest/bin/Debug/TestInvestorImport.DLL" adapterTypeName="Microsoft.VisualStudio.TestTools.TestTypes.Unit.UnitTestAdapter, Microsoft.VisualStudio.QualityTools.Tips.UnitTest.Adapter, Version=10.0.0.0, Culture=neutral, PublicKeyToken=b03f5f7f11d50a3a" className="VantageInvestorTest.Financial, TestInvestorImport, Version=1.0.0.0, Culture=neutral, PublicKeyToken=null" name="TestGetfinanacialDetails_Actual_Quarterly_InvalidCompID" />
    </UnitTest>
    <UnitTest name="TestGetfinanacialDetails_Forecost_NonExitFinCompID" storage="d:\projects\firstrate\ir\shreem_ir\mstest\bin\debug\testinvestorimport.dll" id="0d886444-dcdc-4a27-4dab-3e5ee2822983">
      <Execution id="fbbed825-d24a-4396-8529-3e96b60a8b68" />
      <TestMethod codeBase="D:/Projects/FirstRate/IR/Shreem_IR/MSTest/bin/Debug/TestInvestorImport.DLL" adapterTypeName="Microsoft.VisualStudio.TestTools.TestTypes.Unit.UnitTestAdapter, Microsoft.VisualStudio.QualityTools.Tips.UnitTest.Adapter, Version=10.0.0.0, Culture=neutral, PublicKeyToken=b03f5f7f11d50a3a" className="VantageInvestorTest.Financial, TestInvestorImport, Version=1.0.0.0, Culture=neutral, PublicKeyToken=null" name="TestGetfinanacialDetails_Forecost_NonExitFinCompID" />
    </UnitTest>
    <UnitTest name="TestGetfinanacialDetails_Budget_InvalidCompID" storage="d:\projects\firstrate\ir\shreem_ir\mstest\bin\debug\testinvestorimport.dll" id="df9456ba-fce4-fc04-6e79-7545019ab705">
      <Execution id="776d95a6-5c88-4033-a6b2-991202cbe8db" />
      <TestMethod codeBase="D:/Projects/FirstRate/IR/Shreem_IR/MSTest/bin/Debug/TestInvestorImport.DLL" adapterTypeName="Microsoft.VisualStudio.TestTools.TestTypes.Unit.UnitTestAdapter, Microsoft.VisualStudio.QualityTools.Tips.UnitTest.Adapter, Version=10.0.0.0, Culture=neutral, PublicKeyToken=b03f5f7f11d50a3a" className="VantageInvestorTest.Financial, TestInvestorImport, Version=1.0.0.0, Culture=neutral, PublicKeyToken=null" name="TestGetfinanacialDetails_Budget_InvalidCompID" />
    </UnitTest>
    <UnitTest name="TestGetfinanacialDetails_Forecost_Quarterly_NonExitFinCompID" storage="d:\projects\firstrate\ir\shreem_ir\mstest\bin\debug\testinvestorimport.dll" id="dafec57b-e9d2-55ba-845d-4432dbd57221">
      <Execution id="1b2213d6-cdc4-477c-95e8-b6d188653d48" />
      <TestMethod codeBase="D:/Projects/FirstRate/IR/Shreem_IR/MSTest/bin/Debug/TestInvestorImport.DLL" adapterTypeName="Microsoft.VisualStudio.TestTools.TestTypes.Unit.UnitTestAdapter, Microsoft.VisualStudio.QualityTools.Tips.UnitTest.Adapter, Version=10.0.0.0, Culture=neutral, PublicKeyToken=b03f5f7f11d50a3a" className="VantageInvestorTest.Financial, TestInvestorImport, Version=1.0.0.0, Culture=neutral, PublicKeyToken=null" name="TestGetfinanacialDetails_Forecost_Quarterly_NonExitFinCompID" />
    </UnitTest>
    <UnitTest name="TestGetfinanacialDetails_Actual_Monthly" storage="d:\projects\firstrate\ir\shreem_ir\mstest\bin\debug\testinvestorimport.dll" id="6cd3b089-8609-29cb-7f96-b214994d6d57">
      <Execution id="992085c1-973b-4b5c-a0d0-db4384f53d69" />
      <TestMethod codeBase="D:/Projects/FirstRate/IR/Shreem_IR/MSTest/bin/Debug/TestInvestorImport.DLL" adapterTypeName="Microsoft.VisualStudio.TestTools.TestTypes.Unit.UnitTestAdapter, Microsoft.VisualStudio.QualityTools.Tips.UnitTest.Adapter, Version=10.0.0.0, Culture=neutral, PublicKeyToken=b03f5f7f11d50a3a" className="VantageInvestorTest.Financial, TestInvestorImport, Version=1.0.0.0, Culture=neutral, PublicKeyToken=null" name="TestGetfinanacialDetails_Actual_Monthly" />
    </UnitTest>
    <UnitTest name="TestGetfinanacialDetails_Forecost_Annual" storage="d:\projects\firstrate\ir\shreem_ir\mstest\bin\debug\testinvestorimport.dll" id="c94dd633-3c4b-4168-fd56-1cba6a0f71f4">
      <Execution id="31707547-bf34-4c8d-b692-65f8676792a1" />
      <TestMethod codeBase="D:/Projects/FirstRate/IR/Shreem_IR/MSTest/bin/Debug/TestInvestorImport.DLL" adapterTypeName="Microsoft.VisualStudio.TestTools.TestTypes.Unit.UnitTestAdapter, Microsoft.VisualStudio.QualityTools.Tips.UnitTest.Adapter, Version=10.0.0.0, Culture=neutral, PublicKeyToken=b03f5f7f11d50a3a" className="VantageInvestorTest.Financial, TestInvestorImport, Version=1.0.0.0, Culture=neutral, PublicKeyToken=null" name="TestGetfinanacialDetails_Forecost_Annual" />
    </UnitTest>
    <UnitTest name="TestGetfinanacialDetails_Actual_Quarterly_NonExitFinCompID" storage="d:\projects\firstrate\ir\shreem_ir\mstest\bin\debug\testinvestorimport.dll" id="80e70ec4-f80d-ea2a-e8b9-d66ed9c1238b">
      <Execution id="a3ee4e29-8aac-486d-a72b-9172c3ab27b9" />
      <TestMethod codeBase="D:/Projects/FirstRate/IR/Shreem_IR/MSTest/bin/Debug/TestInvestorImport.DLL" adapterTypeName="Microsoft.VisualStudio.TestTools.TestTypes.Unit.UnitTestAdapter, Microsoft.VisualStudio.QualityTools.Tips.UnitTest.Adapter, Version=10.0.0.0, Culture=neutral, PublicKeyToken=b03f5f7f11d50a3a" className="VantageInvestorTest.Financial, TestInvestorImport, Version=1.0.0.0, Culture=neutral, PublicKeyToken=null" name="TestGetfinanacialDetails_Actual_Quarterly_NonExitFinCompID" />
    </UnitTest>
    <UnitTest name="TestGetfinanacialDetails_Forecost_InvalidCompID" storage="d:\projects\firstrate\ir\shreem_ir\mstest\bin\debug\testinvestorimport.dll" id="f6c85d8f-c36e-5a59-384d-de3d61a6cfbf">
      <Execution id="434d5c46-7f23-4718-b48b-c268ebb2e728" />
      <TestMethod codeBase="D:/Projects/FirstRate/IR/Shreem_IR/MSTest/bin/Debug/TestInvestorImport.DLL" adapterTypeName="Microsoft.VisualStudio.TestTools.TestTypes.Unit.UnitTestAdapter, Microsoft.VisualStudio.QualityTools.Tips.UnitTest.Adapter, Version=10.0.0.0, Culture=neutral, PublicKeyToken=b03f5f7f11d50a3a" className="VantageInvestorTest.Financial, TestInvestorImport, Version=1.0.0.0, Culture=neutral, PublicKeyToken=null" name="TestGetfinanacialDetails_Forecost_InvalidCompID" />
    </UnitTest>
    <UnitTest name="TestGetfinanacialDetails_Actual_NonExitFinCompID" storage="d:\projects\firstrate\ir\shreem_ir\mstest\bin\debug\testinvestorimport.dll" id="e9f1050d-2b67-3470-0cb7-7fb4d45afad5">
      <Execution id="6c450e16-8462-430b-8730-774627ae3763" />
      <TestMethod codeBase="D:/Projects/FirstRate/IR/Shreem_IR/MSTest/bin/Debug/TestInvestorImport.DLL" adapterTypeName="Microsoft.VisualStudio.TestTools.TestTypes.Unit.UnitTestAdapter, Microsoft.VisualStudio.QualityTools.Tips.UnitTest.Adapter, Version=10.0.0.0, Culture=neutral, PublicKeyToken=b03f5f7f11d50a3a" className="VantageInvestorTest.Financial, TestInvestorImport, Version=1.0.0.0, Culture=neutral, PublicKeyToken=null" name="TestGetfinanacialDetails_Actual_NonExitFinCompID" />
    </UnitTest>
    <UnitTest name="TestGetfinanacialDetails_Budget_Quarterly" storage="d:\projects\firstrate\ir\shreem_ir\mstest\bin\debug\testinvestorimport.dll" id="d8d1c5c5-9fdc-26b1-a164-13aebc9984d3">
      <Execution id="b0d41f97-4073-467a-bd2d-54b4afb00b1b" />
      <TestMethod codeBase="D:/Projects/FirstRate/IR/Shreem_IR/MSTest/bin/Debug/TestInvestorImport.DLL" adapterTypeName="Microsoft.VisualStudio.TestTools.TestTypes.Unit.UnitTestAdapter, Microsoft.VisualStudio.QualityTools.Tips.UnitTest.Adapter, Version=10.0.0.0, Culture=neutral, PublicKeyToken=b03f5f7f11d50a3a" className="VantageInvestorTest.Financial, TestInvestorImport, Version=1.0.0.0, Culture=neutral, PublicKeyToken=null" name="TestGetfinanacialDetails_Budget_Quarterly" />
    </UnitTest>
    <UnitTest name="TestGetfinanacialDetails_Budget_Annual" storage="d:\projects\firstrate\ir\shreem_ir\mstest\bin\debug\testinvestorimport.dll" id="2332324a-d404-935d-566f-d4f7ed535e70">
      <Execution id="5e5c7edc-6672-46b9-b460-0efef3009e9f" />
      <TestMethod codeBase="D:/Projects/FirstRate/IR/Shreem_IR/MSTest/bin/Debug/TestInvestorImport.DLL" adapterTypeName="Microsoft.VisualStudio.TestTools.TestTypes.Unit.UnitTestAdapter, Microsoft.VisualStudio.QualityTools.Tips.UnitTest.Adapter, Version=10.0.0.0, Culture=neutral, PublicKeyToken=b03f5f7f11d50a3a" className="VantageInvestorTest.Financial, TestInvestorImport, Version=1.0.0.0, Culture=neutral, PublicKeyToken=null" name="TestGetfinanacialDetails_Budget_Annual" />
    </UnitTest>
    <UnitTest name="TestGetfinanacialDetails_Actual_Annual" storage="d:\projects\firstrate\ir\shreem_ir\mstest\bin\debug\testinvestorimport.dll" id="c791d9cd-4480-7a7c-9d64-0f49a83981b4">
      <Execution id="87941eda-dcf0-4e5f-ad88-bb22cff03fb3" />
      <TestMethod codeBase="D:/Projects/FirstRate/IR/Shreem_IR/MSTest/bin/Debug/TestInvestorImport.DLL" adapterTypeName="Microsoft.VisualStudio.TestTools.TestTypes.Unit.UnitTestAdapter, Microsoft.VisualStudio.QualityTools.Tips.UnitTest.Adapter, Version=10.0.0.0, Culture=neutral, PublicKeyToken=b03f5f7f11d50a3a" className="VantageInvestorTest.Financial, TestInvestorImport, Version=1.0.0.0, Culture=neutral, PublicKeyToken=null" name="TestGetfinanacialDetails_Actual_Annual" />
    </UnitTest>
    <UnitTest name="TestGetfinanacialDetails_Forecost_Monthly" storage="d:\projects\firstrate\ir\shreem_ir\mstest\bin\debug\testinvestorimport.dll" id="45d45f1e-f26d-e949-c369-22e58dbcc3bd">
      <Execution id="00e31ed2-a1f8-4e6a-806d-ebbcb75ef1de" />
      <TestMethod codeBase="D:/Projects/FirstRate/IR/Shreem_IR/MSTest/bin/Debug/TestInvestorImport.DLL" adapterTypeName="Microsoft.VisualStudio.TestTools.TestTypes.Unit.UnitTestAdapter, Microsoft.VisualStudio.QualityTools.Tips.UnitTest.Adapter, Version=10.0.0.0, Culture=neutral, PublicKeyToken=b03f5f7f11d50a3a" className="VantageInvestorTest.Financial, TestInvestorImport, Version=1.0.0.0, Culture=neutral, PublicKeyToken=null" name="TestGetfinanacialDetails_Forecost_Monthly" />
    </UnitTest>
    <UnitTest name="TestGetfinanacialDetails_Forecost_Quarterly_InvalidCompID" storage="d:\projects\firstrate\ir\shreem_ir\mstest\bin\debug\testinvestorimport.dll" id="8acd0a39-f68e-84db-09ca-7f2379964e64">
      <Execution id="4c25c0ef-e616-4a86-b863-542c2ad8f5ef" />
      <TestMethod codeBase="D:/Projects/FirstRate/IR/Shreem_IR/MSTest/bin/Debug/TestInvestorImport.DLL" adapterTypeName="Microsoft.VisualStudio.TestTools.TestTypes.Unit.UnitTestAdapter, Microsoft.VisualStudio.QualityTools.Tips.UnitTest.Adapter, Version=10.0.0.0, Culture=neutral, PublicKeyToken=b03f5f7f11d50a3a" className="VantageInvestorTest.Financial, TestInvestorImport, Version=1.0.0.0, Culture=neutral, PublicKeyToken=null" name="TestGetfinanacialDetails_Forecost_Quarterly_InvalidCompID" />
    </UnitTest>
    <UnitTest name="TestGetfinanacialDetails_Budget_NonExitFinCompID" storage="d:\projects\firstrate\ir\shreem_ir\mstest\bin\debug\testinvestorimport.dll" id="ff1e3666-449b-f3ee-9dba-0ff11bd5b603">
      <Execution id="0e1308cf-ea4b-4fba-8581-1ebde19d7e64" />
      <TestMethod codeBase="D:/Projects/FirstRate/IR/Shreem_IR/MSTest/bin/Debug/TestInvestorImport.DLL" adapterTypeName="Microsoft.VisualStudio.TestTools.TestTypes.Unit.UnitTestAdapter, Microsoft.VisualStudio.QualityTools.Tips.UnitTest.Adapter, Version=10.0.0.0, Culture=neutral, PublicKeyToken=b03f5f7f11d50a3a" className="VantageInvestorTest.Financial, TestInvestorImport, Version=1.0.0.0, Culture=neutral, PublicKeyToken=null" name="TestGetfinanacialDetails_Budget_NonExitFinCompID" />
    </UnitTest>
    <UnitTest name="TestGetfinanacialDetails_Actual_InvalidCompID" storage="d:\projects\firstrate\ir\shreem_ir\mstest\bin\debug\testinvestorimport.dll" id="2f58cdaf-d99c-db50-3844-432dc472c06d">
      <Execution id="c47ae864-6eb1-4410-b9d0-7094803cf803" />
      <TestMethod codeBase="D:/Projects/FirstRate/IR/Shreem_IR/MSTest/bin/Debug/TestInvestorImport.DLL" adapterTypeName="Microsoft.VisualStudio.TestTools.TestTypes.Unit.UnitTestAdapter, Microsoft.VisualStudio.QualityTools.Tips.UnitTest.Adapter, Version=10.0.0.0, Culture=neutral, PublicKeyToken=b03f5f7f11d50a3a" className="VantageInvestorTest.Financial, TestInvestorImport, Version=1.0.0.0, Culture=neutral, PublicKeyToken=null" name="TestGetfinanacialDetails_Actual_InvalidCompID" />
    </UnitTest>
    <UnitTest name="TestGetfinanacialDetails_Budget_Quarterly_InvalidCompID" storage="d:\projects\firstrate\ir\shreem_ir\mstest\bin\debug\testinvestorimport.dll" id="a92e0f38-3929-1fd6-ce94-71af30acf46f">
      <Execution id="dea183e1-7216-435a-b3bd-d80edea5984b" />
      <TestMethod codeBase="D:/Projects/FirstRate/IR/Shreem_IR/MSTest/bin/Debug/TestInvestorImport.DLL" adapterTypeName="Microsoft.VisualStudio.TestTools.TestTypes.Unit.UnitTestAdapter, Microsoft.VisualStudio.QualityTools.Tips.UnitTest.Adapter, Version=10.0.0.0, Culture=neutral, PublicKeyToken=b03f5f7f11d50a3a" className="VantageInvestorTest.Financial, TestInvestorImport, Version=1.0.0.0, Culture=neutral, PublicKeyToken=null" name="TestGetfinanacialDetails_Budget_Quarterly_InvalidCompID" />
    </UnitTest>
    <UnitTest name="TestGetfinanacialDetails_Forecost_Quarterly" storage="d:\projects\firstrate\ir\shreem_ir\mstest\bin\debug\testinvestorimport.dll" id="1421b446-4870-9dbe-1a4f-7ec45d3ef55f">
      <Execution id="c9353916-c619-4505-82a6-110e30f2ef31" />
      <TestMethod codeBase="D:/Projects/FirstRate/IR/Shreem_IR/MSTest/bin/Debug/TestInvestorImport.DLL" adapterTypeName="Microsoft.VisualStudio.TestTools.TestTypes.Unit.UnitTestAdapter, Microsoft.VisualStudio.QualityTools.Tips.UnitTest.Adapter, Version=10.0.0.0, Culture=neutral, PublicKeyToken=b03f5f7f11d50a3a" className="VantageInvestorTest.Financial, TestInvestorImport, Version=1.0.0.0, Culture=neutral, PublicKeyToken=null" name="TestGetfinanacialDetails_Forecost_Quarterly" />
    </UnitTest>
  </TestDefinitions>
  <TestLists>
    <TestList name="Results Not in a List" id="8c84fa94-04c1-424b-9868-57a2d4851a1d" />
    <TestList name="All Loaded Results" id="19431567-8539-422a-85d7-44ee4e166bda" />
  </TestLists>
  <TestEntries>
    <TestEntry testId="0ab02e00-939e-115c-dc0f-588c2e4a7f08" executionId="6f377fda-a449-4392-8658-8f99b385e787" testListId="8c84fa94-04c1-424b-9868-57a2d4851a1d" />
    <TestEntry testId="0d886444-dcdc-4a27-4dab-3e5ee2822983" executionId="fbbed825-d24a-4396-8529-3e96b60a8b68" testListId="8c84fa94-04c1-424b-9868-57a2d4851a1d" />
    <TestEntry testId="1421b446-4870-9dbe-1a4f-7ec45d3ef55f" executionId="c9353916-c619-4505-82a6-110e30f2ef31" testListId="8c84fa94-04c1-424b-9868-57a2d4851a1d" />
    <TestEntry testId="2332324a-d404-935d-566f-d4f7ed535e70" executionId="5e5c7edc-6672-46b9-b460-0efef3009e9f" testListId="8c84fa94-04c1-424b-9868-57a2d4851a1d" />
    <TestEntry testId="2f58cdaf-d99c-db50-3844-432dc472c06d" executionId="c47ae864-6eb1-4410-b9d0-7094803cf803" testListId="8c84fa94-04c1-424b-9868-57a2d4851a1d" />
    <TestEntry testId="45d45f1e-f26d-e949-c369-22e58dbcc3bd" executionId="00e31ed2-a1f8-4e6a-806d-ebbcb75ef1de" testListId="8c84fa94-04c1-424b-9868-57a2d4851a1d" />
    <TestEntry testId="48df144e-5127-15cd-8f86-bde2122d23a3" executionId="c936dca2-44c6-450e-9fc3-657bc03e2da5" testListId="8c84fa94-04c1-424b-9868-57a2d4851a1d" />
    <TestEntry testId="6cd3b089-8609-29cb-7f96-b214994d6d57" executionId="992085c1-973b-4b5c-a0d0-db4384f53d69" testListId="8c84fa94-04c1-424b-9868-57a2d4851a1d" />
    <TestEntry testId="80e70ec4-f80d-ea2a-e8b9-d66ed9c1238b" executionId="a3ee4e29-8aac-486d-a72b-9172c3ab27b9" testListId="8c84fa94-04c1-424b-9868-57a2d4851a1d" />
    <TestEntry testId="8acd0a39-f68e-84db-09ca-7f2379964e64" executionId="4c25c0ef-e616-4a86-b863-542c2ad8f5ef" testListId="8c84fa94-04c1-424b-9868-57a2d4851a1d" />
    <TestEntry testId="8d5341f4-0ada-3ebb-5bc7-530ba6143a37" executionId="649c26de-9b30-4fa9-8e5c-6168101c439b" testListId="8c84fa94-04c1-424b-9868-57a2d4851a1d" />
    <TestEntry testId="a92e0f38-3929-1fd6-ce94-71af30acf46f" executionId="dea183e1-7216-435a-b3bd-d80edea5984b" testListId="8c84fa94-04c1-424b-9868-57a2d4851a1d" />
    <TestEntry testId="c791d9cd-4480-7a7c-9d64-0f49a83981b4" executionId="87941eda-dcf0-4e5f-ad88-bb22cff03fb3" testListId="8c84fa94-04c1-424b-9868-57a2d4851a1d" />
    <TestEntry testId="c94dd633-3c4b-4168-fd56-1cba6a0f71f4" executionId="31707547-bf34-4c8d-b692-65f8676792a1" testListId="8c84fa94-04c1-424b-9868-57a2d4851a1d" />
    <TestEntry testId="d59492b9-db05-da86-f725-a73937202982" executionId="bd540808-1dd6-414c-887c-9843ec32dd2e" testListId="8c84fa94-04c1-424b-9868-57a2d4851a1d" />
    <TestEntry testId="d8d1c5c5-9fdc-26b1-a164-13aebc9984d3" executionId="b0d41f97-4073-467a-bd2d-54b4afb00b1b" testListId="8c84fa94-04c1-424b-9868-57a2d4851a1d" />
    <TestEntry testId="dafec57b-e9d2-55ba-845d-4432dbd57221" executionId="1b2213d6-cdc4-477c-95e8-b6d188653d48" testListId="8c84fa94-04c1-424b-9868-57a2d4851a1d" />
    <TestEntry testId="df9456ba-fce4-fc04-6e79-7545019ab705" executionId="776d95a6-5c88-4033-a6b2-991202cbe8db" testListId="8c84fa94-04c1-424b-9868-57a2d4851a1d" />
    <TestEntry testId="e9f1050d-2b67-3470-0cb7-7fb4d45afad5" executionId="6c450e16-8462-430b-8730-774627ae3763" testListId="8c84fa94-04c1-424b-9868-57a2d4851a1d" />
    <TestEntry testId="f6c85d8f-c36e-5a59-384d-de3d61a6cfbf" executionId="434d5c46-7f23-4718-b48b-c268ebb2e728" testListId="8c84fa94-04c1-424b-9868-57a2d4851a1d" />
    <TestEntry testId="ff1e3666-449b-f3ee-9dba-0ff11bd5b603" executionId="0e1308cf-ea4b-4fba-8581-1ebde19d7e64" testListId="8c84fa94-04c1-424b-9868-57a2d4851a1d" />
  </TestEntries>
  <Results>
    <UnitTestResult executionId="6f377fda-a449-4392-8658-8f99b385e787" testId="0ab02e00-939e-115c-dc0f-588c2e4a7f08" testName="TestGetfinanacialDetails_Budget_Monthly" computerName="ASPIRE1897" duration="00:00:00.1035147" startTime="2023-03-15T14:28:31.5573876+05:30" endTime="2023-03-15T14:28:31.8934908+05:30" testType="13cdc9d9-ddb5-4fa4-a97d-d965ccfc6d4b" outcome="Passed" testListId="8c84fa94-04c1-424b-9868-57a2d4851a1d" relativeResultsDirectory="6f377fda-a449-4392-8658-8f99b385e787">
    </UnitTestResult>
    <UnitTestResult executionId="fbbed825-d24a-4396-8529-3e96b60a8b68" testId="0d886444-dcdc-4a27-4dab-3e5ee2822983" testName="TestGetfinanacialDetails_Forecost_NonExitFinCompID" computerName="ASPIRE1897" duration="00:00:00.0100772" startTime="2023-03-15T14:28:31.8944884+05:30" endTime="2023-03-15T14:28:31.9104456+05:30" testType="13cdc9d9-ddb5-4fa4-a97d-d965ccfc6d4b" outcome="Passed" testListId="8c84fa94-04c1-424b-9868-57a2d4851a1d" relativeResultsDirectory="fbbed825-d24a-4396-8529-3e96b60a8b68">
    </UnitTestResult>
    <UnitTestResult executionId="c9353916-c619-4505-82a6-110e30f2ef31" testId="1421b446-4870-9dbe-1a4f-7ec45d3ef55f" testName="TestGetfinanacialDetails_Forecost_Quarterly" computerName="ASPIRE1897" duration="00:00:00.0126479" startTime="2023-03-15T14:28:31.9124409+05:30" endTime="2023-03-15T14:28:31.9283975+05:30" testType="13cdc9d9-ddb5-4fa4-a97d-d965ccfc6d4b" outcome="Passed" testListId="8c84fa94-04c1-424b-9868-57a2d4851a1d" relativeResultsDirectory="c9353916-c619-4505-82a6-110e30f2ef31">
    </UnitTestResult>
    <UnitTestResult executionId="5e5c7edc-6672-46b9-b460-0efef3009e9f" testId="2332324a-d404-935d-566f-d4f7ed535e70" testName="TestGetfinanacialDetails_Budget_Annual" computerName="ASPIRE1897" duration="00:00:00.0126598" startTime="2023-03-15T14:28:31.9303929+05:30" endTime="2023-03-15T14:28:31.9493423+05:30" testType="13cdc9d9-ddb5-4fa4-a97d-d965ccfc6d4b" outcome="Passed" testListId="8c84fa94-04c1-424b-9868-57a2d4851a1d" relativeResultsDirectory="5e5c7edc-6672-46b9-b460-0efef3009e9f">
    </UnitTestResult>
    <UnitTestResult executionId="c47ae864-6eb1-4410-b9d0-7094803cf803" testId="2f58cdaf-d99c-db50-3844-432dc472c06d" testName="TestGetfinanacialDetails_Actual_InvalidCompID" computerName="ASPIRE1897" duration="00:00:00.0147864" startTime="2023-03-15T14:28:31.9503395+05:30" endTime="2023-03-15T14:28:31.9672972+05:30" testType="13cdc9d9-ddb5-4fa4-a97d-d965ccfc6d4b" outcome="Passed" testListId="8c84fa94-04c1-424b-9868-57a2d4851a1d" relativeResultsDirectory="c47ae864-6eb1-4410-b9d0-7094803cf803">
    </UnitTestResult>
    <UnitTestResult executionId="00e31ed2-a1f8-4e6a-806d-ebbcb75ef1de" testId="45d45f1e-f26d-e949-c369-22e58dbcc3bd" testName="TestGetfinanacialDetails_Forecost_Monthly" computerName="ASPIRE1897" duration="00:00:00.0095410" startTime="2023-03-15T14:28:31.9692893+05:30" endTime="2023-03-15T14:28:31.9832510+05:30" testType="13cdc9d9-ddb5-4fa4-a97d-d965ccfc6d4b" outcome="Passed" testListId="8c84fa94-04c1-424b-9868-57a2d4851a1d" relativeResultsDirectory="00e31ed2-a1f8-4e6a-806d-ebbcb75ef1de">
    </UnitTestResult>
    <UnitTestResult executionId="c936dca2-44c6-450e-9fc3-657bc03e2da5" testId="48df144e-5127-15cd-8f86-bde2122d23a3" testName="TestGetfinanacialDetails_Budget_Quarterly_NonExitFinCompID" computerName="ASPIRE1897" duration="00:00:00.0101641" startTime="2023-03-15T14:28:31.9842496+05:30" endTime="2023-03-15T14:28:31.9972142+05:30" testType="13cdc9d9-ddb5-4fa4-a97d-d965ccfc6d4b" outcome="Passed" testListId="8c84fa94-04c1-424b-9868-57a2d4851a1d" relativeResultsDirectory="c936dca2-44c6-450e-9fc3-657bc03e2da5">
    </UnitTestResult>
    <UnitTestResult executionId="992085c1-973b-4b5c-a0d0-db4384f53d69" testId="6cd3b089-8609-29cb-7f96-b214994d6d57" testName="TestGetfinanacialDetails_Actual_Monthly" computerName="ASPIRE1897" duration="00:00:00.0140759" startTime="2023-03-15T14:28:31.9992103+05:30" endTime="2023-03-15T14:28:32.0161634+05:30" testType="13cdc9d9-ddb5-4fa4-a97d-d965ccfc6d4b" outcome="Passed" testListId="8c84fa94-04c1-424b-9868-57a2d4851a1d" relativeResultsDirectory="992085c1-973b-4b5c-a0d0-db4384f53d69">
    </UnitTestResult>
    <UnitTestResult executionId="a3ee4e29-8aac-486d-a72b-9172c3ab27b9" testId="80e70ec4-f80d-ea2a-e8b9-d66ed9c1238b" testName="TestGetfinanacialDetails_Actual_Quarterly_NonExitFinCompID" computerName="ASPIRE1897" duration="00:00:00.0188091" startTime="2023-03-15T14:28:32.0171624+05:30" endTime="2023-03-15T14:28:32.0400997+05:30" testType="13cdc9d9-ddb5-4fa4-a97d-d965ccfc6d4b" outcome="Passed" testListId="8c84fa94-04c1-424b-9868-57a2d4851a1d" relativeResultsDirectory="a3ee4e29-8aac-486d-a72b-9172c3ab27b9">
    </UnitTestResult>
    <UnitTestResult executionId="4c25c0ef-e616-4a86-b863-542c2ad8f5ef" testId="8acd0a39-f68e-84db-09ca-7f2379964e64" testName="TestGetfinanacialDetails_Forecost_Quarterly_InvalidCompID" computerName="ASPIRE1897" duration="00:00:00.0034896" startTime="2023-03-15T14:28:32.0420947+05:30" endTime="2023-03-15T14:28:32.0480780+05:30" testType="13cdc9d9-ddb5-4fa4-a97d-d965ccfc6d4b" outcome="Passed" testListId="8c84fa94-04c1-424b-9868-57a2d4851a1d" relativeResultsDirectory="4c25c0ef-e616-4a86-b863-542c2ad8f5ef">
    </UnitTestResult>
    <UnitTestResult executionId="649c26de-9b30-4fa9-8e5c-6168101c439b" testId="8d5341f4-0ada-3ebb-5bc7-530ba6143a37" testName="TestGetfinanacialDetails_Actual_Quarterly" computerName="ASPIRE1897" duration="00:00:00.0165141" startTime="2023-03-15T14:28:32.0500737+05:30" endTime="2023-03-15T14:28:32.0700199+05:30" testType="13cdc9d9-ddb5-4fa4-a97d-d965ccfc6d4b" outcome="Passed" testListId="8c84fa94-04c1-424b-9868-57a2d4851a1d" relativeResultsDirectory="649c26de-9b30-4fa9-8e5c-6168101c439b">
    </UnitTestResult>
    <UnitTestResult executionId="dea183e1-7216-435a-b3bd-d80edea5984b" testId="a92e0f38-3929-1fd6-ce94-71af30acf46f" testName="TestGetfinanacialDetails_Budget_Quarterly_InvalidCompID" computerName="ASPIRE1897" duration="00:00:00.0030609" startTime="2023-03-15T14:28:32.0720153+05:30" endTime="2023-03-15T14:28:32.0779981+05:30" testType="13cdc9d9-ddb5-4fa4-a97d-d965ccfc6d4b" outcome="Passed" testListId="8c84fa94-04c1-424b-9868-57a2d4851a1d" relativeResultsDirectory="dea183e1-7216-435a-b3bd-d80edea5984b">
    </UnitTestResult>
    <UnitTestResult executionId="87941eda-dcf0-4e5f-ad88-bb22cff03fb3" testId="c791d9cd-4480-7a7c-9d64-0f49a83981b4" testName="TestGetfinanacialDetails_Actual_Annual" computerName="ASPIRE1897" duration="00:00:00.0171099" startTime="2023-03-15T14:28:32.0799945+05:30" endTime="2023-03-15T14:28:32.1009376+05:30" testType="13cdc9d9-ddb5-4fa4-a97d-d965ccfc6d4b" outcome="Passed" testListId="8c84fa94-04c1-424b-9868-57a2d4851a1d" relativeResultsDirectory="87941eda-dcf0-4e5f-ad88-bb22cff03fb3">
    </UnitTestResult>
    <UnitTestResult executionId="31707547-bf34-4c8d-b692-65f8676792a1" testId="c94dd633-3c4b-4168-fd56-1cba6a0f71f4" testName="TestGetfinanacialDetails_Forecost_Annual" computerName="ASPIRE1897" duration="00:00:00.0098176" startTime="2023-03-15T14:28:32.1019355+05:30" endTime="2023-03-15T14:28:32.1149001+05:30" testType="13cdc9d9-ddb5-4fa4-a97d-d965ccfc6d4b" outcome="Passed" testListId="8c84fa94-04c1-424b-9868-57a2d4851a1d" relativeResultsDirectory="31707547-bf34-4c8d-b692-65f8676792a1">
    </UnitTestResult>
    <UnitTestResult executionId="bd540808-1dd6-414c-887c-9843ec32dd2e" testId="d59492b9-db05-da86-f725-a73937202982" testName="TestGetfinanacialDetails_Actual_Quarterly_InvalidCompID" computerName="ASPIRE1897" duration="00:00:00.0035612" startTime="2023-03-15T14:28:32.1178926+05:30" endTime="2023-03-15T14:28:32.1238758+05:30" testType="13cdc9d9-ddb5-4fa4-a97d-d965ccfc6d4b" outcome="Passed" testListId="8c84fa94-04c1-424b-9868-57a2d4851a1d" relativeResultsDirectory="bd540808-1dd6-414c-887c-9843ec32dd2e">
    </UnitTestResult>
    <UnitTestResult executionId="b0d41f97-4073-467a-bd2d-54b4afb00b1b" testId="d8d1c5c5-9fdc-26b1-a164-13aebc9984d3" testName="TestGetfinanacialDetails_Budget_Quarterly" computerName="ASPIRE1897" duration="00:00:00.0115641" startTime="2023-03-15T14:28:32.1258715+05:30" endTime="2023-03-15T14:28:32.1408310+05:30" testType="13cdc9d9-ddb5-4fa4-a97d-d965ccfc6d4b" outcome="Passed" testListId="8c84fa94-04c1-424b-9868-57a2d4851a1d" relativeResultsDirectory="b0d41f97-4073-467a-bd2d-54b4afb00b1b">
    </UnitTestResult>
    <UnitTestResult executionId="1b2213d6-cdc4-477c-95e8-b6d188653d48" testId="dafec57b-e9d2-55ba-845d-4432dbd57221" testName="TestGetfinanacialDetails_Forecost_Quarterly_NonExitFinCompID" computerName="ASPIRE1897" duration="00:00:00.0133993" startTime="2023-03-15T14:28:32.1428265+05:30" endTime="2023-03-15T14:28:32.1627726+05:30" testType="13cdc9d9-ddb5-4fa4-a97d-d965ccfc6d4b" outcome="Passed" testListId="8c84fa94-04c1-424b-9868-57a2d4851a1d" relativeResultsDirectory="1b2213d6-cdc4-477c-95e8-b6d188653d48">
    </UnitTestResult>
    <UnitTestResult executionId="776d95a6-5c88-4033-a6b2-991202cbe8db" testId="df9456ba-fce4-fc04-6e79-7545019ab705" testName="TestGetfinanacialDetails_Budget_InvalidCompID" computerName="ASPIRE1897" duration="00:00:00.0073049" startTime="2023-03-15T14:28:32.1657640+05:30" endTime="2023-03-15T14:28:32.1767352+05:30" testType="13cdc9d9-ddb5-4fa4-a97d-d965ccfc6d4b" outcome="Passed" testListId="8c84fa94-04c1-424b-9868-57a2d4851a1d" relativeResultsDirectory="776d95a6-5c88-4033-a6b2-991202cbe8db">
    </UnitTestResult>
    <UnitTestResult executionId="6c450e16-8462-430b-8730-774627ae3763" testId="e9f1050d-2b67-3470-0cb7-7fb4d45afad5" testName="TestGetfinanacialDetails_Actual_NonExitFinCompID" computerName="ASPIRE1897" duration="00:00:00.0133862" startTime="2023-03-15T14:28:32.1787308+05:30" endTime="2023-03-15T14:28:32.1946874+05:30" testType="13cdc9d9-ddb5-4fa4-a97d-d965ccfc6d4b" outcome="Passed" testListId="8c84fa94-04c1-424b-9868-57a2d4851a1d" relativeResultsDirectory="6c450e16-8462-430b-8730-774627ae3763">
    </UnitTestResult>
    <UnitTestResult executionId="434d5c46-7f23-4718-b48b-c268ebb2e728" testId="f6c85d8f-c36e-5a59-384d-de3d61a6cfbf" testName="TestGetfinanacialDetails_Forecost_InvalidCompID" computerName="ASPIRE1897" duration="00:00:00.0034952" startTime="2023-03-15T14:28:32.1966823+05:30" endTime="2023-03-15T14:28:32.2056582+05:30" testType="13cdc9d9-ddb5-4fa4-a97d-d965ccfc6d4b" outcome="Passed" testListId="8c84fa94-04c1-424b-9868-57a2d4851a1d" relativeResultsDirectory="434d5c46-7f23-4718-b48b-c268ebb2e728">
    </UnitTestResult>
    <UnitTestResult executionId="0e1308cf-ea4b-4fba-8581-1ebde19d7e64" testId="ff1e3666-449b-f3ee-9dba-0ff11bd5b603" testName="TestGetfinanacialDetails_Budget_NonExitFinCompID" computerName="ASPIRE1897" duration="00:00:00.0136598" startTime="2023-03-15T14:28:32.2086507+05:30" endTime="2023-03-15T14:28:32.2256053+05:30" testType="13cdc9d9-ddb5-4fa4-a97d-d965ccfc6d4b" outcome="Passed" testListId="8c84fa94-04c1-424b-9868-57a2d4851a1d" relativeResultsDirectory="0e1308cf-ea4b-4fba-8581-1ebde19d7e64">
    </UnitTestResult>
  </Results>
</TestRun>